// Vitest Snapshot v1, https://vitest.dev/guide/snapshot.html

exports[`Search > renders 1`] = `
<DocumentFragment>
  <form>
    <label
      class="_label_dc87d2 _field_dc87d2 _search_a9d8a5"
      for=":r0:"
    >
      <svg
        class="_icon_a9d8a5"
        fill="none"
        height="20"
        viewBox="0 0 24 24"
        width="20"
        xmlns="http://www.w3.org/2000/svg"
      >
        <path
          d="M15.0491 16.4633C13.7873 17.4274 12.2105 18 10.5 18C6.35786 18 3 14.6421 3 10.5C3 6.35786 6.35786 3 10.5 3C14.6421 3 18 6.35786 18 10.5C18 12.2105 17.4274 13.7873 16.4633 15.0491L19.7071 18.2929C20.0976 18.6834 20.0976 19.3166 19.7071 19.7071C19.3166 20.0977 18.6834 20.0977 18.2929 19.7071L15.0491 16.4633ZM16 10.5C16 7.46243 13.5376 5 10.5 5C7.46243 5 5 7.46243 5 10.5C5 13.5376 7.46243 16 10.5 16C13.5376 16 16 13.5376 16 10.5Z"
          fill="currentColor"
        />
      </svg>
      <input
        class="_input_a9d8a5"
        id=":r0:"
        name="search"
        placeholder="Searchâ€¦"
        type="search"
      />
    </label>
  </form>
</DocumentFragment>
`;
