// Vitest Snapshot v1, https://vitest.dev/guide/snapshot.html

exports[`Checkbox > renders 1`] = `
<DocumentFragment>
  <div
    class="_container_937330"
  >
    <input
      class="_input_937330"
      type="checkbox"
    />
    <div
      class="_ui_937330"
    >
      <svg
        aria-hidden="true"
        fill="currentColor"
        height="1em"
        viewBox="0 0 24 24"
        width="1em"
        xmlns="http://www.w3.org/2000/svg"
      >
        <path
          d="M9.55 17.575q-.2 0-.375-.062a.9.9 0 0 1-.325-.213L4.55 13q-.274-.274-.262-.713.012-.437.287-.712a.95.95 0 0 1 .7-.275q.425 0 .7.275L9.55 15.15l8.475-8.475q.274-.275.713-.275.437 0 .712.275.275.274.275.713 0 .437-.275.712l-9.2 9.2q-.15.15-.325.212a1.1 1.1 0 0 1-.375.063"
        />
      </svg>
    </div>
  </div>
</DocumentFragment>
`;
