// Vitest Snapshot v1, https://vitest.dev/guide/snapshot.html

exports[`Button > accepts an icon 1`] = `
<DocumentFragment>
  <button
    class="_button_2a1efe _hasIcon_2a1efe"
    data-kind="primary"
    data-size="lg"
    role="button"
    tabindex="0"
  >
    <svg
      aria-hidden="true"
      class="_icon_2a1efe"
      fill="currentColor"
      height="24"
      viewBox="0 0 24 24"
      width="24"
      xmlns="http://www.w3.org/2000/svg"
    >
      <path
        d="m2.975 16.3-1.45 4.95a.936.936 0 0 0 .25 1 .936.936 0 0 0 1 .25l4.95-1.45a10.23 10.23 0 0 0 2.1.712c.717.159 1.45.238 2.2.238a9.738 9.738 0 0 0 3.9-.788 10.098 10.098 0 0 0 3.175-2.137c.9-.9 1.612-1.958 2.137-3.175a9.738 9.738 0 0 0 .788-3.9 9.738 9.738 0 0 0-.787-3.9A10.099 10.099 0 0 0 19.1 4.925c-.9-.9-1.958-1.612-3.175-2.137a9.738 9.738 0 0 0-3.9-.788 9.738 9.738 0 0 0-3.9.788A10.099 10.099 0 0 0 4.95 4.925c-.9.9-1.613 1.958-2.138 3.175a9.738 9.738 0 0 0-.787 3.9 10.179 10.179 0 0 0 .95 4.3Z"
        fill="currentColor"
      />
    </svg>
    With icon
  </button>
</DocumentFragment>
`;

exports[`Button > renders 1`] = `
<DocumentFragment>
  <button
    class="_button_2a1efe"
    data-kind="primary"
    data-size="lg"
    role="button"
    tabindex="0"
  >
    Click me!
  </button>
</DocumentFragment>
`;
