// Vitest Snapshot v1, https://vitest.dev/guide/snapshot.html

exports[`MenuItem > renders 1`] = `
<DocumentFragment>
  <button
    class="_item_37eef5 _interactive_37eef5"
    data-kind="critical"
    role="menuitem"
  >
    <svg
      aria-hidden="true"
      class="_icon_37eef5"
      fill="none"
      height="24"
      viewBox="0 0 24 24"
      width="24"
      xmlns="http://www.w3.org/2000/svg"
    >
      <path
        d="M14 12.9999C14.2833 12.9999 14.5208 12.904 14.7125 12.7124C14.9042 12.5207 15 12.2832 15 11.9999C15 11.7165 14.9042 11.479 14.7125 11.2874C14.5208 11.0957 14.2833 10.9999 14 10.9999C13.7167 10.9999 13.4792 11.0957 13.2875 11.2874C13.0958 11.479 13 11.7165 13 11.9999C13 12.2832 13.0958 12.5207 13.2875 12.7124C13.4792 12.904 13.7167 12.9999 14 12.9999Z"
        fill="currentColor"
      />
      <path
        d="M10.385 21.7879C10.142 21.5989 10 21.3079 10 20.9999V2.99987C10.0006 2.84816 10.0356 2.69858 10.1024 2.56237C10.1692 2.42615 10.2661 2.30687 10.3856 2.21349C10.5052 2.12011 10.6444 2.05507 10.7927 2.02327C10.941 1.99146 11.0947 1.99372 11.242 2.02987L19.242 4.02987C19.4584 4.08385 19.6506 4.20865 19.788 4.38441C19.9253 4.56017 19.9999 4.77681 20 4.99987V18.9999C20.0001 19.223 19.9255 19.4397 19.7882 19.6155C19.6508 19.7913 19.4585 19.916 19.242 19.9699L11.242 21.9699C11.0947 22.0068 10.941 22.0096 10.7924 21.9781C10.6439 21.9465 10.5046 21.8815 10.385 21.7879ZM18 5.78088L12 4.28088V19.7189L18 18.2189V5.78088Z"
        fill="currentColor"
      />
      <path
        d="M9 5.99988H7L7 17.9999H9V19.9999H7C5.89543 19.9999 5 19.1044 5 17.9999V5.99988C5 4.89531 5.89543 3.99988 7 3.99988H9V5.99988Z"
        fill="currentColor"
      />
    </svg>
    <span
      class="_typography_489030 _font-body-md-medium_489030 _label_37eef5"
    >
      Leave room
    </span>
    <svg
      aria-hidden="true"
      class="_nav-hint_37eef5"
      fill="none"
      height="24"
      viewBox="0 0 24 24"
      width="24"
      xmlns="http://www.w3.org/2000/svg"
    >
      <path
        d="M8.70005 17.3C8.51672 17.1167 8.42505 16.8834 8.42505 16.6C8.42505 16.3167 8.51672 16.0834 8.70005 15.9L12.6 12L8.70005 8.10005C8.51672 7.91672 8.42505 7.68338 8.42505 7.40005C8.42505 7.11672 8.51672 6.88338 8.70005 6.70005C8.88338 6.51672 9.11672 6.42505 9.40005 6.42505C9.68338 6.42505 9.91672 6.51672 10.1 6.70005L14.7 11.3C14.8 11.4 14.8709 11.5084 14.9125 11.625C14.9542 11.7417 14.975 11.8667 14.975 12C14.975 12.1334 14.9542 12.2584 14.9125 12.375C14.8709 12.4917 14.8 12.6 14.7 12.7L10.1 17.3C9.91672 17.4834 9.68338 17.575 9.40005 17.575C9.11672 17.575 8.88338 17.4834 8.70005 17.3Z"
        fill="currentColor"
      />
    </svg>
  </button>
</DocumentFragment>
`;

exports[`MenuItem > renders with a child 1`] = `
<DocumentFragment>
  <button
    class="_item_37eef5 _interactive_37eef5"
    data-kind="primary"
    role="menuitem"
  >
    <svg
      aria-hidden="true"
      class="_icon_37eef5"
      fill="none"
      height="24"
      viewBox="0 0 24 24"
      width="24"
      xmlns="http://www.w3.org/2000/svg"
    >
      <path
        d="M9.175 13.825C9.95833 14.6083 10.9 15 12 15C13.1 15 14.0417 14.6083 14.825 13.825C15.6083 13.0417 16 12.1 16 11C16 9.9 15.6083 8.95833 14.825 8.175C14.0417 7.39167 13.1 7 12 7C10.9 7 9.95833 7.39167 9.175 8.175C8.39167 8.95833 8 9.9 8 11C8 12.1 8.39167 13.0417 9.175 13.825ZM13.4125 12.4125C13.0208 12.8042 12.55 13 12 13C11.45 13 10.9792 12.8042 10.5875 12.4125C10.1958 12.0208 10 11.55 10 11C10 10.45 10.1958 9.97917 10.5875 9.5875C10.9792 9.19583 11.45 9 12 9C12.55 9 13.0208 9.19583 13.4125 9.5875C13.8042 9.97917 14 10.45 14 11C14 11.55 13.8042 12.0208 13.4125 12.4125Z"
        fill="currentColor"
      />
      <path
        d="M22 12C22 17.5228 17.5228 22 12 22C6.47715 22 2 17.5228 2 12C2 6.47715 6.47715 2 12 2C17.5228 2 22 6.47715 22 12ZM20 12C20 7.58172 16.4183 4 12 4C7.58172 4 4 7.58172 4 12C4 16.4183 7.58172 20 12 20C16.4183 20 20 16.4183 20 12Z"
        fill="currentColor"
      />
      <path
        d="M16.2297 18.7917C15.7472 18.6085 15.2623 18.4571 14.775 18.3375C13.8583 18.1125 12.9333 18 12 18C11.0667 18 10.1417 18.1125 9.225 18.3375C8.73774 18.4571 8.25283 18.6085 7.77028 18.7917C7.12696 18.3902 6.54483 17.8998 6.04104 17.3378C6.93176 16.9259 7.83474 16.6092 8.75 16.3875C9.81667 16.1292 10.9 16 12 16C13.1 16 14.1833 16.1292 15.25 16.3875C16.1653 16.6092 17.0682 16.9259 17.959 17.3378C17.4552 17.8998 16.873 18.3902 16.2297 18.7917Z"
        fill="currentColor"
      />
    </svg>
    <span
      class="_typography_489030 _font-body-md-medium_489030 _label_37eef5"
    >
      People
    </span>
    <svg
      aria-hidden="true"
      class="_nav-hint_37eef5"
      fill="none"
      height="24"
      viewBox="0 0 24 24"
      width="24"
      xmlns="http://www.w3.org/2000/svg"
    >
      <path
        d="M8.70005 17.3C8.51672 17.1167 8.42505 16.8834 8.42505 16.6C8.42505 16.3167 8.51672 16.0834 8.70005 15.9L12.6 12L8.70005 8.10005C8.51672 7.91672 8.42505 7.68338 8.42505 7.40005C8.42505 7.11672 8.51672 6.88338 8.70005 6.70005C8.88338 6.51672 9.11672 6.42505 9.40005 6.42505C9.68338 6.42505 9.91672 6.51672 10.1 6.70005L14.7 11.3C14.8 11.4 14.8709 11.5084 14.9125 11.625C14.9542 11.7417 14.975 11.8667 14.975 12C14.975 12.1334 14.9542 12.2584 14.9125 12.375C14.8709 12.4917 14.8 12.6 14.7 12.7L10.1 17.3C9.91672 17.4834 9.68338 17.575 9.40005 17.575C9.11672 17.575 8.88338 17.4834 8.70005 17.3Z"
        fill="currentColor"
      />
    </svg>
    <span
      class="_typography_489030 _font-body-sm-regular_489030"
    >
      10
    </span>
  </button>
</DocumentFragment>
`;

exports[`MenuItem > renders without a label 1`] = `
<DocumentFragment>
  <button
    class="_item_37eef5 _interactive_37eef5 _no-label_37eef5"
    data-kind="primary"
    role="menuitem"
  >
    <svg
      aria-hidden="true"
      class="_icon_37eef5"
      fill="none"
      height="24"
      viewBox="0 0 24 24"
      width="24"
      xmlns="http://www.w3.org/2000/svg"
    >
      <path
        d="M6 12C6 11.4477 5.55228 11 5 11C4.44772 11 4 11.4477 4 12C4 16.0796 7.05369 19.446 11 19.9381V21C11 21.5523 11.4477 22 12 22C12.5523 22 13 21.5523 13 21V19.9381C16.9463 19.446 20 16.0796 20 12C20 11.4477 19.5523 11 19 11C18.4477 11 18 11.4477 18 12C18 15.3137 15.3137 18 12 18C8.68629 18 6 15.3137 6 12Z"
        fill="currentColor"
      />
      <path
        clip-rule="evenodd"
        d="M14 12V6C14 4.89543 13.1046 4 12 4C10.8954 4 10 4.89543 10 6V12C10 13.1046 10.8954 14 12 14C13.1046 14 14 13.1046 14 12ZM12 2C9.79086 2 8 3.79086 8 6V12C8 14.2091 9.79086 16 12 16C14.2091 16 16 14.2091 16 12V6C16 3.79086 14.2091 2 12 2Z"
        fill="currentColor"
        fill-rule="evenodd"
      />
    </svg>
    <svg
      aria-hidden="true"
      class="_nav-hint_37eef5"
      fill="none"
      height="24"
      viewBox="0 0 24 24"
      width="24"
      xmlns="http://www.w3.org/2000/svg"
    >
      <path
        d="M8.70005 17.3C8.51672 17.1167 8.42505 16.8834 8.42505 16.6C8.42505 16.3167 8.51672 16.0834 8.70005 15.9L12.6 12L8.70005 8.10005C8.51672 7.91672 8.42505 7.68338 8.42505 7.40005C8.42505 7.11672 8.51672 6.88338 8.70005 6.70005C8.88338 6.51672 9.11672 6.42505 9.40005 6.42505C9.68338 6.42505 9.91672 6.51672 10.1 6.70005L14.7 11.3C14.8 11.4 14.8709 11.5084 14.9125 11.625C14.9542 11.7417 14.975 11.8667 14.975 12C14.975 12.1334 14.9542 12.2584 14.9125 12.375C14.8709 12.4917 14.8 12.6 14.7 12.7L10.1 17.3C9.91672 17.4834 9.68338 17.575 9.40005 17.575C9.11672 17.575 8.88338 17.4834 8.70005 17.3Z"
        fill="currentColor"
      />
    </svg>
    Imagine that there might be a volume slider here in place of the label
  </button>
</DocumentFragment>
`;
