// Vitest Snapshot v1, https://vitest.dev/guide/snapshot.html

exports[`Heading > renders 1`] = `
<DocumentFragment>
  <h1
    class="_typography_489030 _font-heading-md-regular_489030"
  >
    The quick brown fox jumps over the lazy dog.
  </h1>
</DocumentFragment>
`;
