// Vitest Snapshot v1, https://vitest.dev/guide/snapshot.html

exports[`Body > renders 1`] = `
<DocumentFragment>
  <p
    class="_typography_489030 _font-body-md-regular_489030"
  >
    The quick brown fox jumps over the lazy dog.
  </p>
</DocumentFragment>
`;
