// Vitest Snapshot v1, https://vitest.dev/guide/snapshot.html

exports[`CheckboxMenuItem > renders 1`] = `
<DocumentFragment>
  <button
    aria-checked="false"
    class="_item_9618f6 _interactive_9618f6"
    data-kind="primary"
    role="menuitemcheckbox"
  >
    <div
      class="_container_937330 _icon_9618f6"
    >
      <input
        aria-hidden="true"
        class="_input_937330"
        id="«r0»"
        tabindex="-1"
        type="checkbox"
      />
      <div
        class="_ui_937330"
      >
        <svg
          aria-hidden="true"
          fill="currentColor"
          height="1em"
          viewBox="0 0 24 24"
          width="1em"
          xmlns="http://www.w3.org/2000/svg"
        >
          <path
            d="M9.55 17.575q-.2 0-.375-.062a.9.9 0 0 1-.325-.213L4.55 13q-.274-.274-.262-.713.012-.437.287-.712a.95.95 0 0 1 .7-.275q.425 0 .7.275L9.55 15.15l8.475-8.475q.274-.275.713-.275.437 0 .712.275.275.274.275.713 0 .437-.275.712l-9.2 9.2q-.15.15-.325.212a1.1 1.1 0 0 1-.375.063"
          />
        </svg>
      </div>
    </div>
    <span
      class="_typography_61e060 _font-body-md-medium_61e060 _label_9618f6"
    >
      Always show
    </span>
  </button>
</DocumentFragment>
`;
