// Vitest Snapshot v1, https://vitest.dev/guide/snapshot.html

exports[`DrawerMenu > renders 1`] = `
<DocumentFragment>
  <div
    aria-label="Settings"
    class="_drawer_31bf0e"
    data-platform="other"
    role="menu"
  >
    <div
      class="_body_31bf0e"
    >
      <button
        class="_item_831119 _interactive_831119"
        data-kind="primary"
        role="menuitem"
      >
        <svg
          aria-hidden="true"
          class="_icon_831119"
          fill="currentColor"
          height="24"
          viewBox="0 0 24 24"
          width="24"
          xmlns="http://www.w3.org/2000/svg"
        >
          <path
            d="M9.175 13.825Q10.35 15 12 15t2.825-1.175T16 11t-1.175-2.825T12 7 9.175 8.175 8 11t1.175 2.825m4.237-1.412A1.93 1.93 0 0 1 12 13q-.825 0-1.412-.588A1.93 1.93 0 0 1 10 11q0-.825.588-1.412A1.93 1.93 0 0 1 12 9q.825 0 1.412.588Q14 10.175 14 11t-.588 1.412"
          />
          <path
            d="M22 12c0 5.523-4.477 10-10 10S2 17.523 2 12 6.477 2 12 2s10 4.477 10 10m-2 0a8 8 0 1 0-16 0 8 8 0 0 0 16 0"
          />
          <path
            d="M16.23 18.792a13 13 0 0 0-1.455-.455 11.6 11.6 0 0 0-5.55 0q-.73.18-1.455.455a8 8 0 0 1-1.729-1.454q1.336-.618 2.709-.95A13.8 13.8 0 0 1 12 16q1.65 0 3.25.387 1.373.333 2.709.95a8 8 0 0 1-1.73 1.455"
          />
        </svg>
        <span
          class="_typography_489030 _font-body-md-medium_489030 _label_831119"
        >
          Profile
        </span>
        <svg
          aria-hidden="true"
          class="_nav-hint_831119"
          fill="currentColor"
          height="24"
          viewBox="8 0 8 24"
          width="8"
          xmlns="http://www.w3.org/2000/svg"
        >
          <path
            d="M8.7 17.3a.95.95 0 0 1-.275-.7q0-.425.275-.7l3.9-3.9-3.9-3.9a.95.95 0 0 1-.275-.7q0-.425.275-.7a.95.95 0 0 1 .7-.275q.425 0 .7.275l4.6 4.6q.15.15.213.325.062.175.062.375t-.062.375a.9.9 0 0 1-.213.325l-4.6 4.6a.95.95 0 0 1-.7.275.95.95 0 0 1-.7-.275"
          />
        </svg>
      </button>
      <div
        class="_separator_162edc"
        data-kind="primary"
        data-orientation="horizontal"
        role="separator"
      />
      <button
        class="_item_831119 _interactive_831119"
        data-kind="critical"
        role="menuitem"
      >
        <svg
          aria-hidden="true"
          class="_icon_831119"
          fill="currentColor"
          height="24"
          viewBox="0 0 24 24"
          width="24"
          xmlns="http://www.w3.org/2000/svg"
        >
          <path
            d="M14 13q.424 0 .713-.287A.97.97 0 0 0 15 12a.97.97 0 0 0-.287-.713A.97.97 0 0 0 14 11a.97.97 0 0 0-.713.287A.97.97 0 0 0 13 12q0 .424.287.713.288.287.713.287"
          />
          <path
            d="M10.385 21.788A1 1 0 0 1 10 21V3a1.003 1.003 0 0 1 1.242-.97l8 2A1 1 0 0 1 20 5v14a1 1 0 0 1-.758.97l-8 2a1 1 0 0 1-.857-.182M18 5.781l-6-1.5v15.438l6-1.5zM9 6H7v12h2v2H7a2 2 0 0 1-2-2V6a2 2 0 0 1 2-2h2z"
          />
        </svg>
        <span
          class="_typography_489030 _font-body-md-medium_489030 _label_831119"
        >
          Sign out
        </span>
        <svg
          aria-hidden="true"
          class="_nav-hint_831119"
          fill="currentColor"
          height="24"
          viewBox="8 0 8 24"
          width="8"
          xmlns="http://www.w3.org/2000/svg"
        >
          <path
            d="M8.7 17.3a.95.95 0 0 1-.275-.7q0-.425.275-.7l3.9-3.9-3.9-3.9a.95.95 0 0 1-.275-.7q0-.425.275-.7a.95.95 0 0 1 .7-.275q.425 0 .7.275l4.6 4.6q.15.15.213.325.062.175.062.375t-.062.375a.9.9 0 0 1-.213.325l-4.6 4.6a.95.95 0 0 1-.7.275.95.95 0 0 1-.7-.275"
          />
        </svg>
      </button>
    </div>
  </div>
</DocumentFragment>
`;
