// Vitest Snapshot v1, https://vitest.dev/guide/snapshot.html

exports[`EditInPlace > renders 1`] = `
<DocumentFragment>
  <form>
    <div>
      <div
        class="_label_980156"
        id=":r2:"
      >
        Edit Me
      </div>
      <div
        class="_controls_980156"
      >
        <input
          aria-invalid="false"
          aria-labelledby=":r2:"
          class="_control_a839aa _control_980156"
          id="radix-:r0:"
          name="editInPlace"
          title=""
          value="Edit this text"
        />
        <div
          class="_button-group_980156"
        >
          <button
            aria-controls=":r1:"
            aria-label="Save"
            class="_button_980156 _primary-button_980156"
            type="submit"
          >
            <svg
              class="cpd-icon"
              fill="currentColor"
              height="1em"
              viewBox="0 0 24 24"
              width="1em"
              xmlns="http://www.w3.org/2000/svg"
            >
              <path
                d="M9.55 17.575c-.133 0-.258-.02-.375-.063a.878.878 0 0 1-.325-.212L4.55 13c-.183-.183-.27-.42-.263-.713.009-.291.105-.529.288-.712a.948.948 0 0 1 .7-.275.95.95 0 0 1 .7.275L9.55 15.15l8.475-8.475c.183-.183.42-.275.712-.275s.53.092.713.275c.183.183.275.42.275.712s-.092.53-.275.713l-9.2 9.2c-.1.1-.208.17-.325.212a1.106 1.106 0 0 1-.375.063Z"
              />
            </svg>
          </button>
          <button
            aria-controls=":r1:"
            aria-label="Cancel"
            class="_button_980156"
            role="button"
            type="button"
          >
            <svg
              class="cpd-icon"
              fill="currentColor"
              height="1em"
              viewBox="0 0 24 24"
              width="1em"
              xmlns="http://www.w3.org/2000/svg"
            >
              <path
                d="M6.293 6.293a1 1 0 0 1 1.414 0L12 10.586l4.293-4.293a1 1 0 1 1 1.414 1.414L13.414 12l4.293 4.293a1 1 0 0 1-1.414 1.414L12 13.414l-4.293 4.293a1 1 0 0 1-1.414-1.414L10.586 12 6.293 7.707a1 1 0 0 1 0-1.414Z"
              />
            </svg>
          </button>
        </div>
      </div>
    </div>
  </form>
</DocumentFragment>
`;
