// Vitest Snapshot v1, https://vitest.dev/guide/snapshot.html

exports[`Alert > renders actions 1`] = `
<DocumentFragment>
  <div
    class="_alert_6cfd7b"
    data-type="info"
  >
    <svg
      aria-hidden="true"
      class="_icon_6cfd7b"
      fill="none"
      height="24"
      viewBox="0 0 24 24"
      width="24"
      xmlns="http://www.w3.org/2000/svg"
    >
      <path
        d="M11.2875 7.2875C11.4792 7.09583 11.7167 7 12 7C12.2833 7 12.5208 7.09583 12.7125 7.2875C12.9042 7.47917 13 7.71667 13 8C13 8.28333 12.9042 8.52083 12.7125 8.7125C12.5208 8.90417 12.2833 9 12 9C11.7167 9 11.4792 8.90417 11.2875 8.7125C11.0958 8.52083 11 8.28333 11 8C11 7.71667 11.0958 7.47917 11.2875 7.2875Z"
        fill="currentColor"
      />
      <path
        d="M11.2875 11.2875C11.4792 11.0958 11.7167 11 12 11C12.2833 11 12.5208 11.0958 12.7125 11.2875C12.9042 11.4792 13 11.7167 13 12V16C13 16.2833 12.9042 16.5208 12.7125 16.7125C12.5208 16.9042 12.2833 17 12 17C11.7167 17 11.4792 16.9042 11.2875 16.7125C11.0958 16.5208 11 16.2833 11 16V12C11 11.7167 11.0958 11.4792 11.2875 11.2875Z"
        fill="currentColor"
      />
      <path
        clip-rule="evenodd"
        d="M22 12C22 17.5228 17.5228 22 12 22C6.47715 22 2 17.5228 2 12C2 6.47715 6.47715 2 12 2C17.5228 2 22 6.47715 22 12ZM20 12C20 16.4183 16.4183 20 12 20C7.58172 20 4 16.4183 4 12C4 7.58172 7.58172 4 12 4C16.4183 4 20 7.58172 20 12Z"
        fill="currentColor"
        fill-rule="evenodd"
      />
    </svg>
    <div
      class="_content_6cfd7b"
    >
      <div
        class="_text-content_6cfd7b"
      >
        <p
          class="_font-body-md-semibold_489030"
        >
          Long title. Lorem ipsum dolor sit amet, consectetur adipiscing elit, sed do eiusmod tempor incididunt ut labore et dolore magna aliqua. Ut enim ad minim veniam, quis nostrud exercitation ullamco laboris nisi ut aliquip ex ea commodo consequat.
        </p>
        <p
          class="_font-body-sm-regular_489030"
        >
          Actions are vertically centered against alert content. Lorem ipsum dolor sit amet, consectetur adipiscing elit, sed do eiusmod tempor incididunt ut labore et dolore magna aliqua. Ut enim ad minim veniam, quis nostrud exercitation ullamco laboris nisi ut aliquip ex ea commodo consequat.
        </p>
      </div>
      <div
        class="_actions_6cfd7b"
      >
        <button
          class="_button_2a1efe"
          data-kind="primary"
          data-size="lg"
          role="button"
          tabindex="0"
        >
          Yes
        </button>
        <button
          class="_button_2a1efe"
          data-kind="primary"
          data-size="lg"
          role="button"
          tabindex="0"
        >
          No
        </button>
      </div>
    </div>
    <button
      aria-label="Close"
      class="_icon-button_1d4528 _close_6cfd7b"
      role="button"
      style="--cpd-icon-button-size: 32px;"
    >
      <svg
        class="cpd-icon"
        fill="none"
        height="1em"
        viewBox="0 0 24 24"
        width="1em"
        xmlns="http://www.w3.org/2000/svg"
      >
        <path
          d="M6.29289 6.29289C6.68342 5.90237 7.31658 5.90237 7.70711 6.29289L12 10.5858L16.2929 6.29289C16.6834 5.90237 17.3166 5.90237 17.7071 6.29289C18.0976 6.68342 18.0976 7.31658 17.7071 7.70711L13.4142 12L17.7071 16.2929C18.0976 16.6834 18.0976 17.3166 17.7071 17.7071C17.3166 18.0976 16.6834 18.0976 16.2929 17.7071L12 13.4142L7.70711 17.7071C7.31658 18.0976 6.68342 18.0976 6.29289 17.7071C5.90237 17.3166 5.90237 16.6834 6.29289 16.2929L10.5858 12L6.29289 7.70711C5.90237 7.31658 5.90237 6.68342 6.29289 6.29289Z"
          fill="currentColor"
        />
      </svg>
    </button>
  </div>
</DocumentFragment>
`;

exports[`Alert > renders critical 1`] = `
<DocumentFragment>
  <div
    class="_alert_6cfd7b"
    data-type="critical"
  >
    <svg
      aria-hidden="true"
      class="_icon_6cfd7b"
      fill="none"
      height="24"
      viewBox="0 0 24 24"
      width="24"
      xmlns="http://www.w3.org/2000/svg"
    >
      <path
        d="M12 17C12.2833 17 12.5208 16.9042 12.7125 16.7125C12.9042 16.5208 13 16.2833 13 16C13 15.7167 12.9042 15.4792 12.7125 15.2875C12.5208 15.0958 12.2833 15 12 15C11.7167 15 11.4792 15.0958 11.2875 15.2875C11.0958 15.4792 11 15.7167 11 16C11 16.2833 11.0958 16.5208 11.2875 16.7125C11.4792 16.9042 11.7167 17 12 17ZM12 13C12.2833 13 12.5208 12.9042 12.7125 12.7125C12.9042 12.5208 13 12.2833 13 12V8C13 7.71667 12.9042 7.47917 12.7125 7.2875C12.5208 7.09583 12.2833 7 12 7C11.7167 7 11.4792 7.09583 11.2875 7.2875C11.0958 7.47917 11 7.71667 11 8V12C11 12.2833 11.0958 12.5208 11.2875 12.7125C11.4792 12.9042 11.7167 13 12 13ZM12 22C10.6167 22 9.31667 21.7375 8.1 21.2125C6.88333 20.6875 5.825 19.975 4.925 19.075C4.025 18.175 3.3125 17.1167 2.7875 15.9C2.2625 14.6833 2 13.3833 2 12C2 10.6167 2.2625 9.31667 2.7875 8.1C3.3125 6.88333 4.025 5.825 4.925 4.925C5.825 4.025 6.88333 3.3125 8.1 2.7875C9.31667 2.2625 10.6167 2 12 2C13.3833 2 14.6833 2.2625 15.9 2.7875C17.1167 3.3125 18.175 4.025 19.075 4.925C19.975 5.825 20.6875 6.88333 21.2125 8.1C21.7375 9.31667 22 10.6167 22 12C22 13.3833 21.7375 14.6833 21.2125 15.9C20.6875 17.1167 19.975 18.175 19.075 19.075C18.175 19.975 17.1167 20.6875 15.9 21.2125C14.6833 21.7375 13.3833 22 12 22Z"
        fill="currentColor"
      />
    </svg>
    <div
      class="_content_6cfd7b"
    >
      <div
        class="_text-content_6cfd7b"
      >
        <p
          class="_font-body-md-semibold_489030"
        >
          Title
        </p>
        <p
          class="_font-body-sm-regular_489030"
        >
          Description
        </p>
      </div>
    </div>
    <button
      aria-label="Close"
      class="_icon-button_1d4528 _close_6cfd7b"
      role="button"
      style="--cpd-icon-button-size: 32px;"
    >
      <svg
        class="cpd-icon"
        fill="none"
        height="1em"
        viewBox="0 0 24 24"
        width="1em"
        xmlns="http://www.w3.org/2000/svg"
      >
        <path
          d="M6.29289 6.29289C6.68342 5.90237 7.31658 5.90237 7.70711 6.29289L12 10.5858L16.2929 6.29289C16.6834 5.90237 17.3166 5.90237 17.7071 6.29289C18.0976 6.68342 18.0976 7.31658 17.7071 7.70711L13.4142 12L17.7071 16.2929C18.0976 16.6834 18.0976 17.3166 17.7071 17.7071C17.3166 18.0976 16.6834 18.0976 16.2929 17.7071L12 13.4142L7.70711 17.7071C7.31658 18.0976 6.68342 18.0976 6.29289 17.7071C5.90237 17.3166 5.90237 16.6834 6.29289 16.2929L10.5858 12L6.29289 7.70711C5.90237 7.31658 5.90237 6.68342 6.29289 6.29289Z"
          fill="currentColor"
        />
      </svg>
    </button>
  </div>
</DocumentFragment>
`;

exports[`Alert > renders info 1`] = `
<DocumentFragment>
  <div
    class="_alert_6cfd7b"
    data-type="info"
  >
    <svg
      aria-hidden="true"
      class="_icon_6cfd7b"
      fill="none"
      height="24"
      viewBox="0 0 24 24"
      width="24"
      xmlns="http://www.w3.org/2000/svg"
    >
      <path
        d="M11.2875 7.2875C11.4792 7.09583 11.7167 7 12 7C12.2833 7 12.5208 7.09583 12.7125 7.2875C12.9042 7.47917 13 7.71667 13 8C13 8.28333 12.9042 8.52083 12.7125 8.7125C12.5208 8.90417 12.2833 9 12 9C11.7167 9 11.4792 8.90417 11.2875 8.7125C11.0958 8.52083 11 8.28333 11 8C11 7.71667 11.0958 7.47917 11.2875 7.2875Z"
        fill="currentColor"
      />
      <path
        d="M11.2875 11.2875C11.4792 11.0958 11.7167 11 12 11C12.2833 11 12.5208 11.0958 12.7125 11.2875C12.9042 11.4792 13 11.7167 13 12V16C13 16.2833 12.9042 16.5208 12.7125 16.7125C12.5208 16.9042 12.2833 17 12 17C11.7167 17 11.4792 16.9042 11.2875 16.7125C11.0958 16.5208 11 16.2833 11 16V12C11 11.7167 11.0958 11.4792 11.2875 11.2875Z"
        fill="currentColor"
      />
      <path
        clip-rule="evenodd"
        d="M22 12C22 17.5228 17.5228 22 12 22C6.47715 22 2 17.5228 2 12C2 6.47715 6.47715 2 12 2C17.5228 2 22 6.47715 22 12ZM20 12C20 16.4183 16.4183 20 12 20C7.58172 20 4 16.4183 4 12C4 7.58172 7.58172 4 12 4C16.4183 4 20 7.58172 20 12Z"
        fill="currentColor"
        fill-rule="evenodd"
      />
    </svg>
    <div
      class="_content_6cfd7b"
    >
      <div
        class="_text-content_6cfd7b"
      >
        <p
          class="_font-body-md-semibold_489030"
        >
          Title
        </p>
        <p
          class="_font-body-sm-regular_489030"
        >
          Description
        </p>
      </div>
    </div>
    <button
      aria-label="Close"
      class="_icon-button_1d4528 _close_6cfd7b"
      role="button"
      style="--cpd-icon-button-size: 32px;"
    >
      <svg
        class="cpd-icon"
        fill="none"
        height="1em"
        viewBox="0 0 24 24"
        width="1em"
        xmlns="http://www.w3.org/2000/svg"
      >
        <path
          d="M6.29289 6.29289C6.68342 5.90237 7.31658 5.90237 7.70711 6.29289L12 10.5858L16.2929 6.29289C16.6834 5.90237 17.3166 5.90237 17.7071 6.29289C18.0976 6.68342 18.0976 7.31658 17.7071 7.70711L13.4142 12L17.7071 16.2929C18.0976 16.6834 18.0976 17.3166 17.7071 17.7071C17.3166 18.0976 16.6834 18.0976 16.2929 17.7071L12 13.4142L7.70711 17.7071C7.31658 18.0976 6.68342 18.0976 6.29289 17.7071C5.90237 17.3166 5.90237 16.6834 6.29289 16.2929L10.5858 12L6.29289 7.70711C5.90237 7.31658 5.90237 6.68342 6.29289 6.29289Z"
          fill="currentColor"
        />
      </svg>
    </button>
  </div>
</DocumentFragment>
`;

exports[`Alert > renders success 1`] = `
<DocumentFragment>
  <div
    class="_alert_6cfd7b"
    data-type="success"
  >
    <svg
      aria-hidden="true"
      class="_icon_6cfd7b"
      fill="none"
      height="24"
      viewBox="0 0 24 24"
      width="24"
      xmlns="http://www.w3.org/2000/svg"
    >
      <path
        d="M10.6 13.8L8.45 11.65C8.26667 11.4667 8.03333 11.375 7.75 11.375C7.46667 11.375 7.23333 11.4667 7.05 11.65C6.86667 11.8333 6.775 12.0667 6.775 12.35C6.775 12.6333 6.86667 12.8667 7.05 13.05L9.9 15.9C10.1 16.1 10.3333 16.2 10.6 16.2C10.8667 16.2 11.1 16.1 11.3 15.9L16.95 10.25C17.1333 10.0667 17.225 9.83333 17.225 9.55C17.225 9.26667 17.1333 9.03333 16.95 8.85C16.7667 8.66667 16.5333 8.575 16.25 8.575C15.9667 8.575 15.7333 8.66667 15.55 8.85L10.6 13.8ZM12 22C10.6167 22 9.31667 21.7375 8.1 21.2125C6.88333 20.6875 5.825 19.975 4.925 19.075C4.025 18.175 3.3125 17.1167 2.7875 15.9C2.2625 14.6833 2 13.3833 2 12C2 10.6167 2.2625 9.31667 2.7875 8.1C3.3125 6.88333 4.025 5.825 4.925 4.925C5.825 4.025 6.88333 3.3125 8.1 2.7875C9.31667 2.2625 10.6167 2 12 2C13.3833 2 14.6833 2.2625 15.9 2.7875C17.1167 3.3125 18.175 4.025 19.075 4.925C19.975 5.825 20.6875 6.88333 21.2125 8.1C21.7375 9.31667 22 10.6167 22 12C22 13.3833 21.7375 14.6833 21.2125 15.9C20.6875 17.1167 19.975 18.175 19.075 19.075C18.175 19.975 17.1167 20.6875 15.9 21.2125C14.6833 21.7375 13.3833 22 12 22ZM12 20C14.2333 20 16.125 19.225 17.675 17.675C19.225 16.125 20 14.2333 20 12C20 9.76667 19.225 7.875 17.675 6.325C16.125 4.775 14.2333 4 12 4C9.76667 4 7.875 4.775 6.325 6.325C4.775 7.875 4 9.76667 4 12C4 14.2333 4.775 16.125 6.325 17.675C7.875 19.225 9.76667 20 12 20Z"
        fill="currentColor"
      />
    </svg>
    <div
      class="_content_6cfd7b"
    >
      <div
        class="_text-content_6cfd7b"
      >
        <p
          class="_font-body-md-semibold_489030"
        >
          Title
        </p>
        <p
          class="_font-body-sm-regular_489030"
        >
          Description
        </p>
      </div>
    </div>
    <button
      aria-label="Close"
      class="_icon-button_1d4528 _close_6cfd7b"
      role="button"
      style="--cpd-icon-button-size: 32px;"
    >
      <svg
        class="cpd-icon"
        fill="none"
        height="1em"
        viewBox="0 0 24 24"
        width="1em"
        xmlns="http://www.w3.org/2000/svg"
      >
        <path
          d="M6.29289 6.29289C6.68342 5.90237 7.31658 5.90237 7.70711 6.29289L12 10.5858L16.2929 6.29289C16.6834 5.90237 17.3166 5.90237 17.7071 6.29289C18.0976 6.68342 18.0976 7.31658 17.7071 7.70711L13.4142 12L17.7071 16.2929C18.0976 16.6834 18.0976 17.3166 17.7071 17.7071C17.3166 18.0976 16.6834 18.0976 16.2929 17.7071L12 13.4142L7.70711 17.7071C7.31658 18.0976 6.68342 18.0976 6.29289 17.7071C5.90237 17.3166 5.90237 16.6834 6.29289 16.2929L10.5858 12L6.29289 7.70711C5.90237 7.31658 5.90237 6.68342 6.29289 6.29289Z"
          fill="currentColor"
        />
      </svg>
    </button>
  </div>
</DocumentFragment>
`;
