// Vitest Snapshot v1, https://vitest.dev/guide/snapshot.html

exports[`Pill > should render 1`] = `
<DocumentFragment>
  <span
    class="_pill_3de888"
  >
    Live
  </span>
</DocumentFragment>
`;
