// Vitest Snapshot v1, https://vitest.dev/guide/snapshot.html

exports[`ActionInput > renders 1`] = `
<DocumentFragment>
  <div
    class="_container_1689d3"
    id="«r0»"
  >
    <input
      class="_control_a839aa _control_1689d3"
    />
    <button
      aria-controls="«r0»"
      aria-labelledby="«r1»"
      class="_action_1689d3"
      type="button"
    >
      <svg
        aria-hidden="true"
        fill="currentColor"
        height="1em"
        viewBox="0 0 24 24"
        width="1em"
        xmlns="http://www.w3.org/2000/svg"
      >
        <path
          d="m1.5 21.25 1.45-4.95a10.2 10.2 0 0 1-.712-2.1A10.2 10.2 0 0 1 2 12q0-2.075.788-3.9a10.1 10.1 0 0 1 2.137-3.175q1.35-1.35 3.175-2.137A9.7 9.7 0 0 1 12 2q2.075 0 3.9.788a10.1 10.1 0 0 1 3.175 2.137q1.35 1.35 2.137 3.175A9.7 9.7 0 0 1 22 12a9.7 9.7 0 0 1-.788 3.9 10.1 10.1 0 0 1-2.137 3.175q-1.35 1.35-3.175 2.137A9.7 9.7 0 0 1 12 22q-1.125 0-2.2-.238a10.2 10.2 0 0 1-2.1-.712L2.75 22.5a.94.94 0 0 1-1-.25.94.94 0 0 1-.25-1m2.45-1.2 3.2-.95a1 1 0 0 1 .275-.062q.15-.013.275-.013.225 0 .438.038.212.036.412.137a7.4 7.4 0 0 0 1.675.6Q11.1 20 12 20q3.35 0 5.675-2.325T20 12t-2.325-5.675T12 4 6.325 6.325 4 12q0 .9.2 1.775t.6 1.675q.176.325.188.688t-.088.712z"
        />
      </svg>
    </button>
  </div>
</DocumentFragment>
`;
