// Vitest Snapshot v1, https://vitest.dev/guide/snapshot.html

exports[`Toast > renders 1`] = `
<DocumentFragment>
  <div
    class="_toast-container_78370f"
  />
</DocumentFragment>
`;
