// Vitest Snapshot v1, https://vitest.dev/guide/snapshot.html

exports[`Badge > renders 1`] = `
<DocumentFragment>
  <span
    class="_typography_489030 _font-body-sm-medium_489030 _badge_f1986f"
    data-kind="default"
  />
</DocumentFragment>
`;
