// Vitest Snapshot v1, https://vitest.dev/guide/snapshot.html

exports[`InlineSpinner > renders 1`] = `
<DocumentFragment>
  <svg
    class="_icon_01cd2d"
    fill="currentColor"
    height="1em"
    style="width: 20px; height: 20px;"
    viewBox="0 0 24 24"
    width="1em"
    xmlns="http://www.w3.org/2000/svg"
  >
    <path
      clip-rule="evenodd"
      d="M12 4.031a8 8 0 1 0 8 8 1 1 0 0 1 2 0c0 5.523-4.477 10-10 10s-10-4.477-10-10 4.477-10 10-10a1 1 0 1 1 0 2"
      fill-rule="evenodd"
    />
  </svg>
</DocumentFragment>
`;
