// Vitest Snapshot v1, https://vitest.dev/guide/snapshot.html

exports[`Radio > renders 1`] = `
<DocumentFragment>
  <div
    class="_radio_4e7d3c"
    data-kind="primary"
  >
    <input
      type="radio"
    />
    <div
      class="_radio-ui_4e7d3c"
    />
  </div>
</DocumentFragment>
`;
