// Vitest Snapshot v1, https://vitest.dev/guide/snapshot.html

exports[`Radio > renders 1`] = `
<DocumentFragment>
  <div
    class="_container_8b5535"
  >
    <input
      class="_input_8b5535"
      type="radio"
    />
    <div
      class="_ui_8b5535"
    />
  </div>
</DocumentFragment>
`;
