// Jest Snapshot v1, https://goo.gl/fbAQLP

exports[`AvatarStack renders 1`] = `
<DocumentFragment>
  <div
    class="stacked-avatars"
  />
</DocumentFragment>
`;
