// Vitest Snapshot v1, https://vitest.dev/guide/snapshot.html

exports[`Separator > renders 1`] = `
<DocumentFragment>
  <div
    class="_separator_162edc"
    data-orientation="horizontal"
    role="separator"
  />
</DocumentFragment>
`;
