// Jest Snapshot v1, https://goo.gl/fbAQLP

exports[`Toggle renders 1`] = `
<DocumentFragment>
  <div
    class="toggle"
  >
    <input
      type="checkbox"
    />
    <div
      class="toggle-ui"
    />
  </div>
</DocumentFragment>
`;
