// Vitest Snapshot v1, https://vitest.dev/guide/snapshot.html

exports[`PasswordControl > renders 1`] = `
<DocumentFragment>
  <form
    class="_root_dc87d2"
  >
    <div
      class="_field_dc87d2"
    >
      <label
        class="_label_dc87d2"
        for="radix-:r0:"
      >
        MFA
      </label>
      <div
        class="_mfa_4b8c2b _control_dc87d2"
      >
        <input
          autocomplete="off"
          class="_mfa-input_4b8c2b"
          id="radix-:r0:"
          maxlength="6"
          minlength="0"
          name="mfa"
          placeholder="000000"
          title=""
          type="tel"
          value=""
        />
        <div
          aria-hidden="true"
          class="_digit_4b8c2b _control_dc87d2"
        />
        <div
          aria-hidden="true"
          class="_digit_4b8c2b _control_dc87d2"
        />
        <div
          aria-hidden="true"
          class="_digit_4b8c2b _control_dc87d2"
        />
        <div
          aria-hidden="true"
          class="_digit_4b8c2b _control_dc87d2"
        />
        <div
          aria-hidden="true"
          class="_digit_4b8c2b _control_dc87d2"
        />
        <div
          aria-hidden="true"
          class="_digit_4b8c2b _control_dc87d2"
        />
      </div>
    </div>
  </form>
</DocumentFragment>
`;
